INFO [2026-05-12 09:42:33] $x
INFO [2026-05-12 09:42:33] feature_sets
INFO [2026-05-12 09:42:33] 
INFO [2026-05-12 09:42:33] $filename
INFO [2026-05-12 09:42:33] NULL
INFO [2026-05-12 09:42:33] 
INFO [2026-05-12 09:42:33] $col
INFO [2026-05-12 09:42:33] [1] "black"
INFO [2026-05-12 09:42:33] 
INFO [2026-05-12 09:42:33] $fill
INFO [2026-05-12 09:42:33] fill[seq_along(feature_sets)]
INFO [2026-05-12 09:42:33] 
INFO [2026-05-12 09:42:33] $alpha
INFO [2026-05-12 09:42:33] alpha
INFO [2026-05-12 09:42:33] 
INFO [2026-05-12 09:42:33] $cex
INFO [2026-05-12 09:42:33] cex
INFO [2026-05-12 09:42:33] 
INFO [2026-05-12 09:42:33] $fontface
INFO [2026-05-12 09:42:33] [1] "bold"
INFO [2026-05-12 09:42:33] 
INFO [2026-05-12 09:42:33] $cat.cex
INFO [2026-05-12 09:42:33] cat_cex
INFO [2026-05-12 09:42:33] 
INFO [2026-05-12 09:42:33] $cat.fontface
INFO [2026-05-12 09:42:33] [1] "bold"
INFO [2026-05-12 09:42:33] 
INFO [2026-05-12 09:42:33] $margin
INFO [2026-05-12 09:42:33] margin
INFO [2026-05-12 09:42:33] 
INFO [2026-05-12 09:42:33] $main
INFO [2026-05-12 09:42:33] main
INFO [2026-05-12 09:42:33] 
INFO [2026-05-12 09:42:33] $main.cex
INFO [2026-05-12 09:42:33] [1] 1.8
INFO [2026-05-12 09:42:33] 
INFO [2026-05-12 09:42:33] $main.fontface
INFO [2026-05-12 09:42:33] [1] "bold"
INFO [2026-05-12 09:42:33] 
INFO [2026-05-12 09:42:33] $fontfamily
INFO [2026-05-12 09:42:33] [1] "Arial"
INFO [2026-05-12 09:42:33] 
INFO [2026-05-12 09:42:33] $main.fontfamily
INFO [2026-05-12 09:42:33] [1] "Arial"
INFO [2026-05-12 09:42:33] 
INFO [2026-05-12 09:42:33] $cat.fontfamily
INFO [2026-05-12 09:42:33] [1] "Arial"
INFO [2026-05-12 09:42:33] 
